// Vitest Snapshot v1, https://vitest.dev/guide/snapshot.html

exports[`buildWaiverBoard on the fixture > matches the golden snapshot 1`] = `
{
  "alerts": [
    "Jadarian Price RB IR -> MarShawn Lloyd",
  ],
  "defences": [
    "JAX DEF v PHI 87.6",
    "DEN DEF v LAC 67.9",
    "NE DEF v LV 60.2",
    "NYJ DEF v CLE 55.5",
    "LAC DEF v DEN 53.3",
  ],
  "kickers": [
    "Chad Ryland v DET 85.5",
    "Chris Boswell v IND 74.1",
    "Andy Borregales v LV 69.0",
    "Trey Smack v CHI 65.3",
    "Riley Patterson v CIN 63.8",
  ],
  "positions": {
    "QB": [
      "Case Keenum CHI 79.1 [2.0 RZ opps/g; New role: 100% snaps last game] > Joe Burrow",
      "Jacoby Brissett ARI 65.3 [] > Joe Burrow",
      "Kirk Cousins LV 61.8 [Trending #12] > Joe Burrow",
      "C.J. Stroud HOU 56.1 [Trending #14]",
      "Deshaun Watson CLE 55.9 [Trending #27]",
      "Geno Smith NYJ 55.7 []",
      "Jordan Love GB 51.8 []",
      "Malik Willis MIA 42.5 []",
      "Drew Lock SEA 40.5 []",
      "Justin Herbert LAC 39.7 []",
    ],
    "RB": [
      "MarShawn Lloyd GB 59.7 [2.3 RZ opps/g; Trending #31] > Jadarian Price",
      "George Holani SEA 55.4 [2.3 RZ opps/g] > Jadarian Price",
      "Tank Bigsby PHI 51.6 [Next man up: Saquon Barkley Out; Trending #13; Questionable] > Jadarian Price",
      "Chris Rodriguez JAX 46.4 [] > Jadarian Price",
      "Kenny Gainwell TB 46.0 [] > Jadarian Price",
      "Kaleb Johnson GB 45.2 [] > Jadarian Price",
      "Najee Harris NYG 43.9 [] > Jadarian Price",
      "Samaje Perine CIN 41.9 [] > Jadarian Price",
      "Will Shipley PHI 41.0 [] > Jadarian Price",
      "Justice Hill BAL 40.9 [] > Jadarian Price",
    ],
    "TE": [
      "Pat Freiermuth PIT 72.5 []",
      "Cade Otton TB 70.3 []",
      "Jake Ferguson DAL 69.7 []",
      "Mike Gesicki CIN 69.6 [Trending #48]",
      "Tyler Higbee LAR 68.9 [Trending #10]",
      "T.J. Hockenson MIN 67.7 []",
      "Michael Mayer LV 67.7 [Trending #35]",
      "Greg Dulcich MIA 66.3 []",
      "Gunnar Helm TEN 64.4 []",
      "AJ Barner SEA 64.4 []",
    ],
    "WR": [
      "Wan'Dale Robinson TEN 64.3 [Target share 20%]",
      "John Metchie CAR 62.5 [Next man up: Jalen Coker Out]",
      "Ted Hurst TB 61.7 []",
      "Xavier Hutchinson HOU 61.6 []",
      "Roman Wilson PIT 59.2 [Trending #2]",
      "Mack Hollins NE 58.9 [Trending #42; Questionable]",
      "Antonio Williams WAS 58.8 []",
      "Rashod Bateman BAL 58.4 []",
      "Ryan Flournoy DAL 58.3 []",
      "Kendrick Bourne ARI 58.1 []",
    ],
  },
  "throughWeek": 3,
  "upcomingWeek": 5,
}
`;
